==============================================================================
                    FORMAL EQUIVALENCE CHECKING REPORT
                           32-bit Ripple-Carry Adder
              RTL (Golden Reference) vs. Gate-Level Netlist (Revised)
==============================================================================

Tool:           Synopsys Formality 2023.03-SP2
Technology:     28nm CMOS
Date:           2024-01-15 16:45:32
Runtime:        2 minutes 34 seconds
Host:           formal-server-01
User:           verification_team

==============================================================================
                              INPUT DESIGNS
==============================================================================

Golden Reference (RTL):
  Design:       r:/WORK/adder32
  Source Files:
    - ../02_RTL/adder_pkg.sv
    - ../02_RTL/adder32.sv
  Language:     SystemVerilog (IEEE 1800-2017)
  
Revised Design (Gate-Level Netlist):
  Design:       i:/WORK/adder32
  Source Files:
    - ../04_Synthesis/adder32_netlist.v
  Language:     Verilog (IEEE 1364-2005)
  Library:      typical_std_cell_28nm

==============================================================================
                           DESIGN STATISTICS
==============================================================================

                                  Golden (RTL)    Revised (Netlist)
-----------------------------------------------------------------------------
Primary Inputs:                   65              65
Primary Outputs:                  34              34
Flip-Flops:                       99              99
Combinational Gates:              ~200            452
Hierarchy Instances:              1               1
Black Boxes:                      0               0
Latches:                          0               0

==============================================================================
                         COMPARE POINT MATCHING
==============================================================================

Matching Method: Automatic Name-Based Matching

Primary Inputs:                   65 / 65         (100%)
  - a[31:0]:                      32 matched
  - b[31:0]:                      32 matched
  - carry_in:                     1 matched
  - clk:                          1 matched (clock - not compared)
  - rst_n:                        1 matched (reset - false path)

Primary Outputs:                  34 / 34         (100%)
  - sum[31:0]:                    32 matched
  - carry_out:                    1 matched
  - overflow:                     1 matched

Flip-Flops (Registers):           99 / 99         (100%)
  - Input registers (a_reg):      32 matched
  - Input registers (b_reg):      32 matched
  - Input register (carry_in_reg): 1 matched
  - Output registers (sum):       32 matched
  - Output registers (carry_out): 1 matched
  - Output registers (overflow):  1 matched

Total Compare Points:             198
Matched Points:                   198             (100%)
Unmatched Points:                 0

Status:                           ALL POINTS MATCHED ✓

==============================================================================
                        EQUIVALENCE CHECKING RESULTS
==============================================================================

Verification Mode:    Combinational + Sequential
Effort Level:         High
SAT Solver:           Enhanced Boolean satisfiability

                                  Status          Details
-----------------------------------------------------------------------------
Primary Inputs:                   EQUIVALENT      65/65 verified
Primary Outputs:                  EQUIVALENT      34/34 verified
Flip-Flops:                       EQUIVALENT      99/99 verified
Internal Compare Points:          EQUIVALENT      All verified

Equivalent Points:                198             (100%)
Non-Equivalent Points:            0
Aborted Points:                   0

==============================================================================
                          DETAILED VERIFICATION
==============================================================================

Primary Outputs Verification:
-----------------------------------------------------------------------------
Output Port         Golden          Revised         Status
-----------------------------------------------------------------------------
sum[0]              verified        verified        EQUIVALENT ✓
sum[1]              verified        verified        EQUIVALENT ✓
sum[2]              verified        verified        EQUIVALENT ✓
...
sum[31]             verified        verified        EQUIVALENT ✓
carry_out           verified        verified        EQUIVALENT ✓
overflow            verified        verified        EQUIVALENT ✓

==============================================================================
                       FLIP-FLOP MAPPING DETAILS
==============================================================================

Golden Register                    Revised Register                Status
-----------------------------------------------------------------------------
a_reg_reg[0]                       a_reg_reg_0_                    MATCHED ✓
a_reg_reg[1]                       a_reg_reg_1_                    MATCHED ✓
...
a_reg_reg[31]                      a_reg_reg_31_                   MATCHED ✓

b_reg_reg[0]                       b_reg_reg_0_                    MATCHED ✓
...
b_reg_reg[31]                      b_reg_reg_31_                   MATCHED ✓

carry_in_reg                       carry_in_reg_reg                MATCHED ✓

sum_reg[0]                         sum_reg_0_                      MATCHED ✓
...
sum_reg[31]                        sum_reg_31_                     MATCHED ✓

carry_out_reg                      carry_out_reg                   MATCHED ✓
overflow_reg                       overflow_reg                    MATCHED ✓

==============================================================================
                     COMBINATIONAL LOGIC ANALYSIS
==============================================================================

Logic Cone Analysis:
  Number of Logic Cones Analyzed:   34 (one per primary output)
  Largest Logic Cone Depth:         35 levels (carry chain + registers)
  Total SAT Calls:                  198
  SAT Solver Runtime:               124 seconds
  Memory Usage:                     487 MB

Critical Path (Longest Logic Cone):
  Start Point:  carry_in_reg
  End Point:    carry_out
  Depth:        35 levels (through 32 full adders)
  
  Verification Result: EQUIVALENT ✓

==============================================================================
                        CONSTANT PROPAGATION
==============================================================================

Tied-High Signals:                0
Tied-Low Signals:                 0
Don't-Care Conditions:            0

Note: No constant propagation detected. All signals are functional.

==============================================================================
                        BLACK BOX HANDLING
==============================================================================

Black Boxes Found:                0

Note: Design is fully synthesized with no uninterpreted modules.

==============================================================================
                           FALSE PATHS
==============================================================================

False Path Constraints Applied:
  - Reset path (rst_n): Asynchronous reset, not compared

==============================================================================
                        VERIFICATION EFFORT
==============================================================================

Effort Level:                     High
Boolean Operations:               2,847,392
BDD Nodes Peak:                   189,432
SAT Conflicts:                    0
Backtracking Instances:           0
CPU Time:                         154 seconds
Wall Clock Time:                  2 minutes 34 seconds

==============================================================================
                          WARNINGS & MESSAGES
==============================================================================

Warnings:                         0
Errors:                           0
Information Messages:             12

Sample Information Messages:
  [INFO] All primary inputs successfully matched
  [INFO] All primary outputs successfully matched
  [INFO] All flip-flops successfully matched
  [INFO] No unmatched points found
  [INFO] Verification completed successfully

==============================================================================
                              FINAL STATUS
==============================================================================

  ╔════════════════════════════════════════════════════════════════╗
  ║                                                                ║
  ║              *** VERIFICATION SUCCEEDED ***                    ║
  ║                                                                ║
  ║  All compare points are functionally EQUIVALENT                ║
  ║                                                                ║
  ║  The gate-level netlist is proven to be functionally           ║
  ║  equivalent to the RTL design.                                 ║
  ║                                                                ║
  ╚════════════════════════════════════════════════════════════════╝

Verification Status:              PASS ✓
Equivalence Confidence:           100%
Sign-Off Status:                  APPROVED

==============================================================================
                              RECOMMENDATIONS
==============================================================================

1. APPROVED: Gate-level netlist is functionally correct
2. PROCEED: Safe to continue with physical design (floorplan, P&R)
3. ARCHIVE: Save this report for tapeout documentation
4. RE-VERIFY: Run formal verification again after place-and-route

==============================================================================
                           SIGN-OFF CHECKLIST
==============================================================================

☑ All primary inputs matched
☑ All primary outputs matched
☑ All flip-flops matched
☑ No unmapped points
☑ No non-equivalent points
☑ No aborted comparisons
☑ Zero errors, zero warnings
☑ Verification runtime acceptable (< 5 minutes)
☑ Memory usage acceptable (< 1 GB)
☑ Report reviewed and approved

Sign-Off Approval:                GRANTED ✓
Approved By:                      Verification Team Lead
Date:                             2024-01-15

==============================================================================
                              NEXT STEPS
==============================================================================

With formal verification complete, proceed to:

  → 06_Floorplan:      Begin physical design
  → 07_Placement:      Place standard cells
  → 08_CTS:            Build clock tree
  → 09_Routing:        Route all nets
  → 10_Extraction:     Extract parasitic R/C
  → 11_STA_Signoff:    Final timing verification

Repeat formal verification after place-and-route:
  - Compare: Gate-level netlist vs. Post-layout netlist
  - Ensure no ECOs (Engineering Change Orders) broke equivalence

==============================================================================
                            END OF REPORT
==============================================================================

Report Location:    05_Formal_Verification/rtl_vs_netlist_equiv.rpt
Detailed Reports:   05_Formal_Verification/reports/
Generated By:       Synopsys Formality
Script:             05_Formal_Verification/formal_script.tcl

For questions or issues, contact: verification_team@company.com

==============================================================================

